
> minimal-portfolio@0.1.0 build
> next build

Γû▓ Next.js 16.1.6 (Turbopack)
- Environments: .env

  Creating an optimized production build ...
Γ£ô Compiled successfully in 3.7s
  Running TypeScript ...
node.exe : Failed to compile.
At line:1 char:1
+ & "C:\Program Files\nodejs/node.exe" 
"C:\Users\omsin\AppData\Roaming\ ...
+ ~~~~~~~~~~~~~~~~~~~~~~~~~~~~~~~~~~~~~~~~~~~~~~~~~~~~~
~~~~~~~~~~~~~~~~
    + CategoryInfo          : NotSpecified: (Failed to 
    compile.:String) [], RemoteException
    + FullyQualifiedErrorId : NativeCommandError
 

./src/components/ServerlessColdStartDemo.tsx:186:37
Type error: This comparison appears to be 
unintentional because the types '"info"' and 
'"success"' have no overlap.

[0m [90m 184 |[39m [32m                            
        log.type === 'action' ? 'text-blue-400 
font-bold' :[39m
 [90m 185 |[39m [32m                                
    log.type === 'warn' ? 'text-yellow-500' :[39m
[31m[1m>[22m[39m[90m 186 |[39m [32m             
                       log.type === 'success' ? 
'text-green-400 font-bold' :[39m
 [90m     |[39m                                     
[31m[1m^[22m[39m
 [90m 187 |[39m [32m                                
    'text-neutral-300'[39m
 [90m 188 |[39m [32m                                
}`[39m}[33m>[39m
 [90m 189 |[39m                                     
{log[33m.[39mmsg}[0m
Next.js build worker exited with code: 1 and signal: 
null
